pages/admin/AdminDashboard.tsx(7,68): error TS2305: Module '"../../lib/activityLog"' has no exported member 'formatTimeAgo'.
pages/admin/AdminDashboard.tsx(50,19): error TS2554: Expected 0 arguments, but got 1.
pages/admin/AdminDashboard.tsx(52,34): error TS2554: Expected 0 arguments, but got 1.
pages/admin/AdminDashboard.tsx(55,53): error TS2339: Property 'type' does not exist on type 'ActivityLogEntry'.
pages/admin/AdminSecurity.tsx(8,44): error TS2305: Module '"../../lib/activityLog"' has no exported member 'formatTimeAgo'.
pages/admin/AdminSecurity.tsx(109,87): error TS2345: Argument of type '{ admin: any; }' is not assignable to parameter of type 'string'.
pages/admin/AdminSecurity.tsx(199,77): error TS2345: Argument of type '{ admin: any; }' is not assignable to parameter of type 'string'.
pages/admin/AdminSecurity.tsx(247,58): error TS2339: Property 'type' does not exist on type 'ActivityLogEntry'.
pages/admin/AdminSettings.tsx(63,79): error TS2345: Argument of type '{ adminId: any; adminName: any; }' is not assignable to parameter of type 'string'.
pages/admin/AdminUserManagement.tsx(382,112): error TS2345: Argument of type '{ userId: any; userName: any; adminId: any; adminName: any; newStatus: string; reason: any; }' is not assignable to parameter of type 'string'.
pages/admin/AdminUserManagement.tsx(455,114): error TS2345: Argument of type '{ userId: any; userName: any; adminId: any; adminName: any; oldRole: any; newRole: any; }' is not assignable to parameter of type 'string'.
pages/admin/AdminUserManagement.tsx(586,108): error TS2345: Argument of type '{ userId: any; userName: any; adminId: any; adminName: any; }' is not assignable to parameter of type 'string'.
pages/mentor/MentorDashboard.tsx(9,68): error TS2305: Module '"../../lib/activityLog"' has no exported member 'formatTimeAgo'.
pages/mentor/MentorDashboard.tsx(57,39): error TS2339: Property 'filter' does not exist on type 'Promise<ActivityLogEntry[]>'.
pages/mentor/MentorDashboard.tsx(66,50): error TS2339: Property 'mentorId' does not exist on type 'string'.
pages/mentor/MentorDashboard.tsx(67,50): error TS2339: Property 'courseId' does not exist on type 'string'.
pages/mentor/MentorDashboard.tsx(68,41): error TS2339: Property 'type' does not exist on type 'ActivityLogEntry'.
pages/mentor/MentorDashboard.tsx(68,82): error TS2339: Property 'userId' does not exist on type 'string'.
pages/mentor/MentorDashboard.tsx(77,19): error TS2554: Expected 0 arguments, but got 1.
pages/mentor/MentorDashboard.tsx(79,34): error TS2554: Expected 0 arguments, but got 1.
pages/mentor/MentorDashboard.tsx(82,53): error TS2339: Property 'type' does not exist on type 'ActivityLogEntry'.
pages/student/StudentDashboard.tsx(10,68): error TS2305: Module '"../../lib/activityLog"' has no exported member 'formatTimeAgo'.
pages/student/StudentDashboard.tsx(90,40): error TS2339: Property 'filter' does not exist on type 'Promise<ActivityLogEntry[]>'.
pages/student/StudentDashboard.tsx(95,33): error TS2339: Property 'studentId' does not exist on type 'string'.
pages/student/StudentDashboard.tsx(95,66): error TS2339: Property 'type' does not exist on type 'ActivityLogEntry'.
pages/student/StudentDashboard.tsx(95,107): error TS2339: Property 'userId' does not exist on type 'string'.
pages/student/StudentDashboard.tsx(102,19): error TS2554: Expected 0 arguments, but got 1.
pages/student/StudentDashboard.tsx(104,34): error TS2554: Expected 0 arguments, but got 1.
pages/student/StudentDashboard.tsx(107,53): error TS2339: Property 'type' does not exist on type 'ActivityLogEntry'.
src/App.tsx(3,22): error TS2307: Cannot find module './components/TaskList' or its corresponding type declarations.
src/App.tsx(4,25): error TS2307: Cannot find module './components/AddTaskForm' or its corresponding type declarations.
src/App.tsx(6,31): error TS2307: Cannot find module './types' or its corresponding type declarations.
src/components/TaskItem.tsx(3,31): error TS2307: Cannot find module '../types' or its corresponding type declarations.
